This is pdfTeX, Version 3.141592653-2.6-1.40.29 (TeX Live 2026) (preloaded format=pdflatex 2026.3.17)  26 MAR 2026 12:38
entering extended mode
 restricted \write18 enabled.
 %&-line parsing enabled.
**report/report.tex
(./report/report.tex
LaTeX2e <2025-11-01>
L3 programming layer <2026-01-19>
(/usr/local/texlive/2026basic/texmf-dist/tex/latex/base/article.cls
Document Class: article 2025/01/22 v1.4n Standard LaTeX document class
(/usr/local/texlive/2026basic/texmf-dist/tex/latex/base/size11.clo
File: size11.clo 2025/01/22 v1.4n Standard LaTeX file (size option)
)
\c@part=\count275
\c@section=\count276
\c@subsection=\count277
\c@subsubsection=\count278
\c@paragraph=\count279
\c@subparagraph=\count280
\c@figure=\count281
\c@table=\count282
\abovecaptionskip=\skip49
\belowcaptionskip=\skip50
\bibindent=\dimen148
)
(/usr/local/texlive/2026basic/texmf-dist/tex/latex/geometry/geometry.sty
Package: geometry 2020/01/02 v5.9 Page Geometry

(/usr/local/texlive/2026basic/texmf-dist/tex/latex/graphics/keyval.sty
Package: keyval 2022/05/29 v1.15 key=value parser (DPC)
\KV@toks@=\toks17
)
(/usr/local/texlive/2026basic/texmf-dist/tex/generic/iftex/ifvtex.sty
Package: ifvtex 2019/10/25 v1.7 ifvtex legacy package. Use iftex instead.

(/usr/local/texlive/2026basic/texmf-dist/tex/generic/iftex/iftex.sty
Package: iftex 2024/12/12 v1.0g TeX engine tests
))
\Gm@cnth=\count283
\Gm@cntv=\count284
\c@Gm@tempcnt=\count285
\Gm@bindingoffset=\dimen149
\Gm@wd@mp=\dimen150
\Gm@odd@mp=\dimen151
\Gm@even@mp=\dimen152
\Gm@layoutwidth=\dimen153
\Gm@layoutheight=\dimen154
\Gm@layouthoffset=\dimen155
\Gm@layoutvoffset=\dimen156
\Gm@dimlist=\toks18
)
(/usr/local/texlive/2026basic/texmf-dist/tex/latex/base/fontenc.sty
Package: fontenc 2025/07/18 v2.1d Standard LaTeX package
)
(/usr/local/texlive/2026basic/texmf-dist/tex/latex/base/inputenc.sty
Package: inputenc 2024/02/08 v1.3d Input encoding file
\inpenc@prehook=\toks19
\inpenc@posthook=\toks20
)
(/usr/local/texlive/2026basic/texmf-dist/tex/latex/lm/lmodern.sty
Package: lmodern 2015/05/01 v1.6.1 Latin Modern Fonts
LaTeX Font Info:    Overwriting symbol font `operators' in version `normal'
(Font)                  OT1/cmr/m/n --> OT1/lmr/m/n on input line 22.
LaTeX Font Info:    Overwriting symbol font `letters' in version `normal'
(Font)                  OML/cmm/m/it --> OML/lmm/m/it on input line 23.
LaTeX Font Info:    Overwriting symbol font `symbols' in version `normal'
(Font)                  OMS/cmsy/m/n --> OMS/lmsy/m/n on input line 24.
LaTeX Font Info:    Overwriting symbol font `largesymbols' in version `normal'
(Font)                  OMX/cmex/m/n --> OMX/lmex/m/n on input line 25.
LaTeX Font Info:    Overwriting symbol font `operators' in version `bold'
(Font)                  OT1/cmr/bx/n --> OT1/lmr/bx/n on input line 26.
LaTeX Font Info:    Overwriting symbol font `letters' in version `bold'
(Font)                  OML/cmm/b/it --> OML/lmm/b/it on input line 27.
LaTeX Font Info:    Overwriting symbol font `symbols' in version `bold'
(Font)                  OMS/cmsy/b/n --> OMS/lmsy/b/n on input line 28.
LaTeX Font Info:    Overwriting symbol font `largesymbols' in version `bold'
(Font)                  OMX/cmex/m/n --> OMX/lmex/m/n on input line 29.
LaTeX Font Info:    Overwriting math alphabet `\mathbf' in version `normal'
(Font)                  OT1/cmr/bx/n --> OT1/lmr/bx/n on input line 31.
LaTeX Font Info:    Overwriting math alphabet `\mathsf' in version `normal'
(Font)                  OT1/cmss/m/n --> OT1/lmss/m/n on input line 32.
LaTeX Font Info:    Overwriting math alphabet `\mathit' in version `normal'
(Font)                  OT1/cmr/m/it --> OT1/lmr/m/it on input line 33.
LaTeX Font Info:    Overwriting math alphabet `\mathtt' in version `normal'
(Font)                  OT1/cmtt/m/n --> OT1/lmtt/m/n on input line 34.
LaTeX Font Info:    Overwriting math alphabet `\mathbf' in version `bold'
(Font)                  OT1/cmr/bx/n --> OT1/lmr/bx/n on input line 35.
LaTeX Font Info:    Overwriting math alphabet `\mathsf' in version `bold'
(Font)                  OT1/cmss/bx/n --> OT1/lmss/bx/n on input line 36.
LaTeX Font Info:    Overwriting math alphabet `\mathit' in version `bold'
(Font)                  OT1/cmr/bx/it --> OT1/lmr/bx/it on input line 37.
LaTeX Font Info:    Overwriting math alphabet `\mathtt' in version `bold'
(Font)                  OT1/cmtt/m/n --> OT1/lmtt/m/n on input line 38.
)
(/usr/local/texlive/2026basic/texmf-dist/tex/latex/microtype/microtype.sty
Package: microtype 2026/03/01 v3.2d Micro-typographical refinements (RS)

(/usr/local/texlive/2026basic/texmf-dist/tex/latex/etoolbox/etoolbox.sty
Package: etoolbox 2025/10/02 v2.5m e-TeX tools for LaTeX (JAW)
\etb@tempcnta=\count286
)
\MT@toks=\toks21
\MT@tempbox=\box53
\MT@count=\count287
LaTeX Info: Redefining \noprotrusionifhmode on input line 1084.
LaTeX Info: Redefining \leftprotrusion on input line 1085.
\MT@prot@toks=\toks22
LaTeX Info: Redefining \rightprotrusion on input line 1104.
LaTeX Info: Redefining \textls on input line 1449.
\MT@outer@kern=\dimen157
LaTeX Info: Redefining \microtypecontext on input line 2053.
LaTeX Info: Redefining \textmicrotypecontext on input line 2070.
\MT@listname@count=\count288

(/usr/local/texlive/2026basic/texmf-dist/tex/latex/microtype/microtype-pdftex.d
ef
File: microtype-pdftex.def 2026/03/01 v3.2d Definitions specific to pdftex (RS)

LaTeX Info: Redefining \lsstyle on input line 944.
LaTeX Info: Redefining \lslig on input line 944.
\MT@outer@space=\skip51
)
Package microtype Info: Loading configuration file microtype.cfg.
 (/usr/local/texlive/2026basic/texmf-dist/tex/latex/microtype/microtype.cfg
File: microtype.cfg 2026/03/01 v3.2d microtype main configuration file (RS)
)
LaTeX Info: Redefining \microtypesetup on input line 3065.
) (/usr/local/texlive/2026basic/texmf-dist/tex/latex/graphics/graphicx.sty
Package: graphicx 2024/12/31 v1.2e Enhanced LaTeX Graphics (DPC,SPQR)

(/usr/local/texlive/2026basic/texmf-dist/tex/latex/graphics/graphics.sty
Package: graphics 2024/08/06 v1.4g Standard LaTeX Graphics (DPC,SPQR)

(/usr/local/texlive/2026basic/texmf-dist/tex/latex/graphics/trig.sty
Package: trig 2023/12/02 v1.11 sin cos tan (DPC)
)
(/usr/local/texlive/2026basic/texmf-dist/tex/latex/graphics-cfg/graphics.cfg
File: graphics.cfg 2016/06/04 v1.11 sample graphics configuration
)
Package graphics Info: Driver file: pdftex.def on input line 106.

(/usr/local/texlive/2026basic/texmf-dist/tex/latex/graphics-def/pdftex.def
File: pdftex.def 2025/09/29 v1.2d Graphics/color driver for pdftex
))
\Gin@req@height=\dimen158
\Gin@req@width=\dimen159
)
(/usr/local/texlive/2026basic/texmf-dist/tex/latex/booktabs/booktabs.sty
Package: booktabs 2020/01/12 v1.61803398 Publication quality tables
\heavyrulewidth=\dimen160
\lightrulewidth=\dimen161
\cmidrulewidth=\dimen162
\belowrulesep=\dimen163
\belowbottomsep=\dimen164
\aboverulesep=\dimen165
\abovetopsep=\dimen166
\cmidrulesep=\dimen167
\cmidrulekern=\dimen168
\defaultaddspace=\dimen169
\@cmidla=\count289
\@cmidlb=\count290
\@aboverulesep=\dimen170
\@belowrulesep=\dimen171
\@thisruleclass=\count291
\@lastruleclass=\count292
\@thisrulewidth=\dimen172
)
(/usr/local/texlive/2026basic/texmf-dist/tex/latex/amsmath/amsmath.sty
Package: amsmath 2025/07/09 v2.17z AMS math features
\@mathmargin=\skip52

For additional information on amsmath, use the `?' option.
(/usr/local/texlive/2026basic/texmf-dist/tex/latex/amsmath/amstext.sty
Package: amstext 2024/11/17 v2.01 AMS text

(/usr/local/texlive/2026basic/texmf-dist/tex/latex/amsmath/amsgen.sty
File: amsgen.sty 1999/11/30 v2.0 generic functions
\@emptytoks=\toks23
\ex@=\dimen173
))
(/usr/local/texlive/2026basic/texmf-dist/tex/latex/amsmath/amsbsy.sty
Package: amsbsy 1999/11/29 v1.2d Bold Symbols
\pmbraise@=\dimen174
)
(/usr/local/texlive/2026basic/texmf-dist/tex/latex/amsmath/amsopn.sty
Package: amsopn 2022/04/08 v2.04 operator names
)
\inf@bad=\count293
LaTeX Info: Redefining \frac on input line 233.
\uproot@=\count294
\leftroot@=\count295
LaTeX Info: Redefining \overline on input line 398.
LaTeX Info: Redefining \colon on input line 409.
\classnum@=\count296
\DOTSCASE@=\count297
LaTeX Info: Redefining \ldots on input line 495.
LaTeX Info: Redefining \dots on input line 498.
LaTeX Info: Redefining \cdots on input line 619.
\Mathstrutbox@=\box54
\strutbox@=\box55
LaTeX Info: Redefining \big on input line 721.
LaTeX Info: Redefining \Big on input line 722.
LaTeX Info: Redefining \bigg on input line 723.
LaTeX Info: Redefining \Bigg on input line 724.
\big@size=\dimen175
LaTeX Font Info:    Redeclaring font encoding OML on input line 742.
LaTeX Font Info:    Redeclaring font encoding OMS on input line 743.
\macc@depth=\count298
LaTeX Info: Redefining \bmod on input line 904.
LaTeX Info: Redefining \pmod on input line 909.
LaTeX Info: Redefining \smash on input line 939.
LaTeX Info: Redefining \relbar on input line 969.
LaTeX Info: Redefining \Relbar on input line 970.
\c@MaxMatrixCols=\count299
\dotsspace@=\muskip17
\c@parentequation=\count300
\dspbrk@lvl=\count301
\tag@help=\toks24
\row@=\count302
\column@=\count303
\maxfields@=\count304
\andhelp@=\toks25
\eqnshift@=\dimen176
\alignsep@=\dimen177
\tagshift@=\dimen178
\tagwidth@=\dimen179
\totwidth@=\dimen180
\lineht@=\dimen181
\@envbody=\toks26
\multlinegap=\skip53
\multlinetaggap=\skip54
\mathdisplay@stack=\toks27
LaTeX Info: Redefining \[ on input line 2950.
LaTeX Info: Redefining \] on input line 2951.
)
(/usr/local/texlive/2026basic/texmf-dist/tex/latex/amsfonts/amssymb.sty
Package: amssymb 2013/01/14 v3.01 AMS font symbols

(/usr/local/texlive/2026basic/texmf-dist/tex/latex/amsfonts/amsfonts.sty
Package: amsfonts 2013/01/14 v3.01 Basic AMSFonts support
\symAMSa=\mathgroup4
\symAMSb=\mathgroup5
LaTeX Font Info:    Redeclaring math symbol \hbar on input line 98.
LaTeX Font Info:    Overwriting math alphabet `\mathfrak' in version `bold'
(Font)                  U/euf/m/n --> U/euf/b/n on input line 106.
))
(/usr/local/texlive/2026basic/texmf-dist/tex/latex/hyperref/hyperref.sty
Package: hyperref 2026-01-29 v7.01p Hypertext links for LaTeX

(/usr/local/texlive/2026basic/texmf-dist/tex/latex/kvsetkeys/kvsetkeys.sty
Package: kvsetkeys 2022-10-05 v1.19 Key value parser (HO)
)
(/usr/local/texlive/2026basic/texmf-dist/tex/generic/kvdefinekeys/kvdefinekeys.
sty
Package: kvdefinekeys 2019-12-19 v1.6 Define keys (HO)
)
(/usr/local/texlive/2026basic/texmf-dist/tex/generic/pdfescape/pdfescape.sty
Package: pdfescape 2019/12/09 v1.15 Implements pdfTeX's escape features (HO)

(/usr/local/texlive/2026basic/texmf-dist/tex/generic/ltxcmds/ltxcmds.sty
Package: ltxcmds 2023-12-04 v1.26 LaTeX kernel commands for general use (HO)
)
(/usr/local/texlive/2026basic/texmf-dist/tex/generic/pdftexcmds/pdftexcmds.sty
Package: pdftexcmds 2020-06-27 v0.33 Utility functions of pdfTeX for LuaTeX (HO
)

(/usr/local/texlive/2026basic/texmf-dist/tex/generic/infwarerr/infwarerr.sty
Package: infwarerr 2019/12/03 v1.5 Providing info/warning/error messages (HO)
)
Package pdftexcmds Info: \pdf@primitive is available.
Package pdftexcmds Info: \pdf@ifprimitive is available.
Package pdftexcmds Info: \pdfdraftmode found.
)) (/usr/local/texlive/2026basic/texmf-dist/tex/latex/hycolor/hycolor.sty
Package: hycolor 2020-01-27 v1.10 Color options for hyperref/bookmark (HO)
)
(/usr/local/texlive/2026basic/texmf-dist/tex/latex/hyperref/nameref.sty
Package: nameref 2026-01-29 v2.58 Cross-referencing by name of section

(/usr/local/texlive/2026basic/texmf-dist/tex/latex/refcount/refcount.sty
Package: refcount 2019/12/15 v3.6 Data extraction from label references (HO)
)
(/usr/local/texlive/2026basic/texmf-dist/tex/generic/gettitlestring/gettitlestr
ing.sty
Package: gettitlestring 2019/12/15 v1.6 Cleanup title references (HO)

(/usr/local/texlive/2026basic/texmf-dist/tex/latex/kvoptions/kvoptions.sty
Package: kvoptions 2022-06-15 v3.15 Key value format for package options (HO)
))
\c@section@level=\count305
)
(/usr/local/texlive/2026basic/texmf-dist/tex/generic/stringenc/stringenc.sty
Package: stringenc 2019/11/29 v1.12 Convert strings between diff. encodings (HO
)
)
\@linkdim=\dimen182
\Hy@linkcounter=\count306
\Hy@pagecounter=\count307

(/usr/local/texlive/2026basic/texmf-dist/tex/latex/hyperref/pd1enc.def
File: pd1enc.def 2026-01-29 v7.01p Hyperref: PDFDocEncoding definition (HO)
Now handling font encoding PD1 ...
... no UTF-8 mapping file for font encoding PD1
)
(/usr/local/texlive/2026basic/texmf-dist/tex/generic/intcalc/intcalc.sty
Package: intcalc 2019/12/15 v1.3 Expandable calculations with integers (HO)
)
\Hy@SavedSpaceFactor=\count308

(/usr/local/texlive/2026basic/texmf-dist/tex/latex/hyperref/puenc.def
File: puenc.def 2026-01-29 v7.01p Hyperref: PDF Unicode definition (HO)
Now handling font encoding PU ...
... no UTF-8 mapping file for font encoding PU
)
Package hyperref Info: Hyper figures OFF on input line 4201.
Package hyperref Info: Link nesting OFF on input line 4206.
Package hyperref Info: Hyper index ON on input line 4209.
Package hyperref Info: Plain pages OFF on input line 4216.
Package hyperref Info: Backreferencing OFF on input line 4221.
Package hyperref Info: Implicit mode ON; LaTeX internals redefined.
Package hyperref Info: Bookmarks ON on input line 4468.
\c@Hy@tempcnt=\count309

(/usr/local/texlive/2026basic/texmf-dist/tex/latex/url/url.sty
\Urlmuskip=\muskip18
Package: url 2013/09/16  ver 3.4  Verb mode for urls, etc.
)
LaTeX Info: Redefining \url on input line 4807.
\XeTeXLinkMargin=\dimen183

(/usr/local/texlive/2026basic/texmf-dist/tex/generic/bitset/bitset.sty
Package: bitset 2019/12/09 v1.3 Handle bit-vector datatype (HO)

(/usr/local/texlive/2026basic/texmf-dist/tex/generic/bigintcalc/bigintcalc.sty
Package: bigintcalc 2019/12/15 v1.5 Expandable calculations on big integers (HO
)
))
\Fld@menulength=\count310
\Field@Width=\dimen184
\Fld@charsize=\dimen185
Package hyperref Info: Hyper figures OFF on input line 6084.
Package hyperref Info: Link nesting OFF on input line 6089.
Package hyperref Info: Hyper index ON on input line 6092.
Package hyperref Info: backreferencing OFF on input line 6099.
Package hyperref Info: Link coloring OFF on input line 6104.
Package hyperref Info: Link coloring with OCG OFF on input line 6109.
Package hyperref Info: PDF/A mode OFF on input line 6114.
\Hy@abspage=\count311
\c@Item=\count312
\c@Hfootnote=\count313
)
Package hyperref Info: Driver (autodetected): hpdftex.
 (/usr/local/texlive/2026basic/texmf-dist/tex/latex/hyperref/hpdftex.def
File: hpdftex.def 2026-01-29 v7.01p Hyperref driver for pdfTeX
\Fld@listcount=\count314
\c@bookmark@seq@number=\count315

(/usr/local/texlive/2026basic/texmf-dist/tex/latex/rerunfilecheck/rerunfilechec
k.sty
Package: rerunfilecheck 2025-06-21 v1.11 Rerun checks for auxiliary files (HO)

(/usr/local/texlive/2026basic/texmf-dist/tex/generic/uniquecounter/uniquecounte
r.sty
Package: uniquecounter 2019/12/15 v1.4 Provide unlimited unique counter (HO)
)
Package uniquecounter Info: New unique counter `rerunfilecheck' on input line 2
84.
)
\Hy@SectionHShift=\skip55
)
(/usr/local/texlive/2026basic/texmf-dist/tex/latex/pdfpages/pdfpages.sty
Package: pdfpages 2025/07/23 v0.6g Insert pages of external PDF documents (AM)

(/usr/local/texlive/2026basic/texmf-dist/tex/latex/base/ifthen.sty
Package: ifthen 2024/03/16 v1.1e Standard LaTeX ifthen package (DPC)
)
(/usr/local/texlive/2026basic/texmf-dist/tex/latex/tools/calc.sty
Package: calc 2025/03/01 v4.3b Infix arithmetic (KKT,FJ)
\calc@Acount=\count316
\calc@Bcount=\count317
\calc@Adimen=\dimen186
\calc@Bdimen=\dimen187
\calc@Askip=\skip56
\calc@Bskip=\skip57
LaTeX Info: Redefining \setlength on input line 86.
LaTeX Info: Redefining \addtolength on input line 87.
\calc@Ccount=\count318
\calc@Cskip=\skip58
)
(/usr/local/texlive/2026basic/texmf-dist/tex/latex/eso-pic/eso-pic.sty
Package: eso-pic 2025/12/10 v3.0d eso-pic (RN)
\ESO@tempdima=\dimen188
\ESO@tempdimb=\dimen189

(/usr/local/texlive/2026basic/texmf-dist/tex/latex/xcolor/xcolor.sty
Package: xcolor 2024/09/29 v3.02 LaTeX color extensions (UK)

(/usr/local/texlive/2026basic/texmf-dist/tex/latex/graphics-cfg/color.cfg
File: color.cfg 2016/01/02 v1.6 sample color configuration
)
Package xcolor Info: Driver file: pdftex.def on input line 274.

(/usr/local/texlive/2026basic/texmf-dist/tex/latex/graphics/mathcolor.ltx)
Package xcolor Info: Model `cmy' substituted by `cmy0' on input line 1349.
Package xcolor Info: Model `hsb' substituted by `rgb' on input line 1353.
Package xcolor Info: Model `RGB' extended on input line 1365.
Package xcolor Info: Model `HTML' substituted by `rgb' on input line 1367.
Package xcolor Info: Model `Hsb' substituted by `hsb' on input line 1368.
Package xcolor Info: Model `tHsb' substituted by `hsb' on input line 1369.
Package xcolor Info: Model `HSB' substituted by `hsb' on input line 1370.
Package xcolor Info: Model `Gray' substituted by `gray' on input line 1371.
Package xcolor Info: Model `wave' substituted by `hsb' on input line 1372.
))
\AM@pagewidth=\dimen190
\AM@pageheight=\dimen191
\AM@fboxrule=\dimen192

(/usr/local/texlive/2026basic/texmf-dist/tex/latex/pdfpages/pppdftex.def
File: pppdftex.def 2025/07/23 v0.6g Pdfpages driver for pdfTeX (AM)
)
\pdfpages@includegraphics@status=\count319
\AM@pagebox=\box56
\AM@global@opts=\toks28
\AM@pagecnt=\count320
\AM@toc@title=\toks29
\AM@lof@heading=\toks30
\c@AM@survey=\count321
\AM@templatesizebox=\box57
)
Package hyperref Info: Option `colorlinks' set `true' on input line 20.
LaTeX Font Info:    Trying to load font information for T1+lmr on input line 26
.

(/usr/local/texlive/2026basic/texmf-dist/tex/latex/lm/t1lmr.fd
File: t1lmr.fd 2015/05/01 v1.6.1 Font defs for Latin Modern
)
(/usr/local/texlive/2026basic/texmf-dist/tex/latex/l3backend/l3backend-pdftex.d
ef
File: l3backend-pdftex.def 2025-10-09 L3 backend support: PDF output (pdfTeX)
\l__color_backend_stack_int=\count322
) (report/report.aux)
\openout1 = `report.aux'.

LaTeX Font Info:    Checking defaults for OML/cmm/m/it on input line 26.
LaTeX Font Info:    ... okay on input line 26.
LaTeX Font Info:    Checking defaults for OMS/cmsy/m/n on input line 26.
LaTeX Font Info:    ... okay on input line 26.
LaTeX Font Info:    Checking defaults for OT1/cmr/m/n on input line 26.
LaTeX Font Info:    ... okay on input line 26.
LaTeX Font Info:    Checking defaults for T1/cmr/m/n on input line 26.
LaTeX Font Info:    ... okay on input line 26.
LaTeX Font Info:    Checking defaults for TS1/cmr/m/n on input line 26.
LaTeX Font Info:    ... okay on input line 26.
LaTeX Font Info:    Checking defaults for OMX/cmex/m/n on input line 26.
LaTeX Font Info:    ... okay on input line 26.
LaTeX Font Info:    Checking defaults for U/cmr/m/n on input line 26.
LaTeX Font Info:    ... okay on input line 26.
LaTeX Font Info:    Checking defaults for PD1/pdf/m/n on input line 26.
LaTeX Font Info:    ... okay on input line 26.
LaTeX Font Info:    Checking defaults for PU/pdf/m/n on input line 26.
LaTeX Font Info:    ... okay on input line 26.

*geometry* driver: auto-detecting
*geometry* detected driver: pdftex
*geometry* verbose mode - [ preamble ] result:
* driver: pdftex
* paper: a4paper
* layout: <same size as paper>
* layoutoffset:(h,v)=(0.0pt,0.0pt)
* modes: 
* h-part:(L,W,R)=(72.26999pt, 452.9679pt, 72.26999pt)
* v-part:(T,H,B)=(72.26999pt, 700.50687pt, 72.26999pt)
* \paperwidth=597.50787pt
* \paperheight=845.04684pt
* \textwidth=452.9679pt
* \textheight=700.50687pt
* \oddsidemargin=0.0pt
* \evensidemargin=0.0pt
* \topmargin=-37.0pt
* \headheight=12.0pt
* \headsep=25.0pt
* \topskip=11.0pt
* \footskip=30.0pt
* \marginparwidth=50.0pt
* \marginparsep=10.0pt
* \columnsep=10.0pt
* \skip\footins=10.0pt plus 4.0pt minus 2.0pt
* \hoffset=0.0pt
* \voffset=0.0pt
* \mag=1000
* \@twocolumnfalse
* \@twosidefalse
* \@mparswitchfalse
* \@reversemarginfalse
* (1in=72.27pt=25.4mm, 1cm=28.453pt)

LaTeX Info: Redefining \microtypecontext on input line 26.
Package microtype Info: Applying patch `item' on input line 26.
Package microtype Info: Applying patch `toc' on input line 26.
Package microtype Info: Applying patch `eqnum' on input line 26.
Package microtype Info: Applying patch `footnote' on input line 26.
Package microtype Info: Applying patch `verbatim' on input line 26.
LaTeX Info: Redefining \microtypesetup on input line 26.
Package microtype Info: Generating PDF output.
Package microtype Info: Character protrusion enabled (level 2).
Package microtype Info: Using default protrusion set `alltext'.
Package microtype Info: Automatic font expansion enabled (level 2),
(microtype)             stretch: 20, shrink: 20, step: 1, non-selected.
Package microtype Info: Using default expansion set `alltext-nott'.
Package microtype Info: Patching command `\showhyphens'.
Package microtype Info: No adjustment of tracking.
Package microtype Info: No adjustment of interword spacing.
Package microtype Info: No adjustment of character kerning.
(/usr/local/texlive/2026basic/texmf-dist/tex/latex/microtype/mt-cmr.cfg
File: mt-cmr.cfg 2013/05/19 v2.2 microtype config. file: Computer Modern Roman 
(RS)
)
(/usr/local/texlive/2026basic/texmf-dist/tex/context/base/mkii/supp-pdf.mkii
[Loading MPS to PDF converter (version 2006.09.02).]
\scratchcounter=\count323
\scratchdimen=\dimen193
\scratchbox=\box58
\nofMPsegments=\count324
\nofMParguments=\count325
\everyMPshowfont=\toks31
\MPscratchCnt=\count326
\MPscratchDim=\dimen194
\MPnumerator=\count327
\makeMPintoPDFobject=\count328
\everyMPtoPDFconversion=\toks32
)
(/usr/local/texlive/2026basic/texmf-dist/tex/latex/epstopdf-pkg/epstopdf-base.s
ty
Package: epstopdf-base 2020-01-24 v2.11 Base part for package epstopdf
Package epstopdf-base Info: Redefining graphics rule for `.eps' on input line 4
85.

(/usr/local/texlive/2026basic/texmf-dist/tex/latex/latexconfig/epstopdf-sys.cfg
File: epstopdf-sys.cfg 2010/07/13 v1.3 Configuration of (r)epstopdf for TeX Liv
e
))
Package hyperref Info: Link coloring ON on input line 26.
 (report/report.out) (report/report.out)
\@outlinefile=\write3
\openout3 = `report.out'.


(/usr/local/texlive/2026basic/texmf-dist/tex/latex/pdflscape/pdflscape.sty
Package: pdflscape 2025-06-23 v0.14 Display of landscape pages in PDF

(/usr/local/texlive/2026basic/texmf-dist/tex/latex/pdflscape/pdflscape-nometada
ta.sty
Package: pdflscape-nometadata 2025-06-23 v0.14 Display of landscape pages in PD
F (HO)
 (/usr/local/texlive/2026basic/texmf-dist/tex/latex/graphics/lscape.sty
Package: lscape 2020/05/28 v3.02 Landscape Pages (DPC)
)
Package pdflscape Info: Auto-detected driver: pdftex on input line 81.
))
LaTeX Font Info:    Trying to load font information for OT1+lmr on input line 2
8.
 (/usr/local/texlive/2026basic/texmf-dist/tex/latex/lm/ot1lmr.fd
File: ot1lmr.fd 2015/05/01 v1.6.1 Font defs for Latin Modern
)
LaTeX Font Info:    Trying to load font information for OML+lmm on input line 2
8.

(/usr/local/texlive/2026basic/texmf-dist/tex/latex/lm/omllmm.fd
File: omllmm.fd 2015/05/01 v1.6.1 Font defs for Latin Modern
)
LaTeX Font Info:    Trying to load font information for OMS+lmsy on input line 
28.

(/usr/local/texlive/2026basic/texmf-dist/tex/latex/lm/omslmsy.fd
File: omslmsy.fd 2015/05/01 v1.6.1 Font defs for Latin Modern
)
LaTeX Font Info:    Trying to load font information for OMX+lmex on input line 
28.

(/usr/local/texlive/2026basic/texmf-dist/tex/latex/lm/omxlmex.fd
File: omxlmex.fd 2015/05/01 v1.6.1 Font defs for Latin Modern
)
LaTeX Font Info:    External font `lmex10' loaded for size
(Font)              <12> on input line 28.
LaTeX Font Info:    External font `lmex10' loaded for size
(Font)              <8> on input line 28.
LaTeX Font Info:    External font `lmex10' loaded for size
(Font)              <6> on input line 28.
LaTeX Font Info:    Trying to load font information for U+msa on input line 28.


(/usr/local/texlive/2026basic/texmf-dist/tex/latex/amsfonts/umsa.fd
File: umsa.fd 2013/01/14 v3.01 AMS symbols A
)
(/usr/local/texlive/2026basic/texmf-dist/tex/latex/microtype/mt-msa.cfg
File: mt-msa.cfg 2006/02/04 v1.1 microtype config. file: AMS symbols (a) (RS)
)
LaTeX Font Info:    Trying to load font information for U+msb on input line 28.


(/usr/local/texlive/2026basic/texmf-dist/tex/latex/amsfonts/umsb.fd
File: umsb.fd 2013/01/14 v3.01 AMS symbols B
)
(/usr/local/texlive/2026basic/texmf-dist/tex/latex/microtype/mt-msb.cfg
File: mt-msb.cfg 2005/06/01 v1.0 microtype config. file: AMS symbols (b) (RS)
)
(report/report.toc
LaTeX Font Info:    External font `lmex10' loaded for size
(Font)              <10.95> on input line 3.
)
\tf@toc=\write4
\openout4 = `report.toc'.

 [1

{/usr/local/texlive/2026basic/texmf-var/fonts/map/pdftex/updmap/pdftex.map}{/us
r/local/texlive/2026basic/texmf-dist/fonts/enc/dvips/lm/lm-ec.enc}]
LaTeX Font Info:    Trying to load font information for TS1+lmr on input line 3
8.
 (/usr/local/texlive/2026basic/texmf-dist/tex/latex/lm/ts1lmr.fd
File: ts1lmr.fd 2015/05/01 v1.6.1 Font defs for Latin Modern
)
LaTeX Font Info:    Trying to load font information for T1+lmtt on input line 3
8.

(/usr/local/texlive/2026basic/texmf-dist/tex/latex/lm/t1lmtt.fd
File: t1lmtt.fd 2015/05/01 v1.6.1 Font defs for Latin Modern
)
Package microtype Info: Loading generic protrusion settings for font family
(microtype)             `lmtt' (encoding: T1).
(microtype)             For optimal results, create family-specific settings.
(microtype)             See the microtype manual for details.
<development_notebook_files/development_notebook_3_1.png, id=85, 310.761pt x 30
2.0886pt>
File: development_notebook_files/development_notebook_3_1.png Graphic file (typ
e png)
<use development_notebook_files/development_notebook_3_1.png>
Package pdftex.def Info: development_notebook_files/development_notebook_3_1.pn
g  used on input line 51.
(pdftex.def)             Requested size: 317.07614pt x 308.23691pt.
<development_notebook_files/development_notebook_5_1.png, id=87, 860.013pt x 71
4.7503pt>
File: development_notebook_files/development_notebook_5_1.png Graphic file (typ
e png)
<use development_notebook_files/development_notebook_5_1.png>
Package pdftex.def Info: development_notebook_files/development_notebook_5_1.pn
g  used on input line 60.
(pdftex.def)             Requested size: 452.9679pt x 376.46011pt.
<development_notebook_files/development_notebook_7_0.png, id=88, 860.013pt x 71
4.7503pt>
File: development_notebook_files/development_notebook_7_0.png Graphic file (typ
e png)
<use development_notebook_files/development_notebook_7_0.png>
Package pdftex.def Info: development_notebook_files/development_notebook_7_0.pn
g  used on input line 69.
(pdftex.def)             Requested size: 452.9679pt x 376.46011pt.
<development_notebook_files/development_notebook_8_0.png, id=89, 860.7357pt x 7
14.7503pt>
File: development_notebook_files/development_notebook_8_0.png Graphic file (typ
e png)
<use development_notebook_files/development_notebook_8_0.png>
Package pdftex.def Info: development_notebook_files/development_notebook_8_0.pn
g  used on input line 75.
(pdftex.def)             Requested size: 452.9679pt x 376.14384pt.

Underfull \hbox (badness 1067) in paragraph at lines 76--76
[]\T1/lmr/m/n/10.95 (+20) Figure 4: []Gradient de-scent / SIRT re-con-struc-tio
ns across $\OML/lmm/m/it/10.95 N[]$ \T1/lmr/m/n/10.95 (+20) and $\OML/lmm/m/it/
10.95 I[]$ \T1/lmr/m/n/10.95 (+20) (gen-er-ated in
 []

<development_notebook_files/development_notebook_10_0.png, id=90, 859.2903pt x 
711.8595pt>
File: development_notebook_files/development_notebook_10_0.png Graphic file (ty
pe png)
<use development_notebook_files/development_notebook_10_0.png>
Package pdftex.def Info: development_notebook_files/development_notebook_10_0.p
ng  used on input line 91.
(pdftex.def)             Requested size: 452.9679pt x 375.25252pt.

Underfull \hbox (badness 10000) in paragraph at lines 92--92
[]\T1/lmr/m/n/10.95 (+20) Figure 5: []Noisy sino-grams for an-gu-lar range $\OT
1/lmr/m/n/10.95 (+20) 180[]$ \T1/lmr/m/n/10.95 (+20) (gen-er-ated in
 []

[2{/usr/local/texlive/2026basic/texmf-dist/fonts/enc/dvips/lm/lm-ts1.enc}{/usr/
local/texlive/2026basic/texmf-dist/fonts/enc/dvips/lm/lm-rm.enc}{/usr/local/tex
live/2026basic/texmf-dist/fonts/enc/dvips/lm/lm-mathsy.enc}{/usr/local/texlive/
2026basic/texmf-dist/fonts/enc/dvips/lm/lm-mathit.enc}]
<development_notebook_files/development_notebook_10_1.png, id=108, 859.2903pt x
 711.8595pt>
File: development_notebook_files/development_notebook_10_1.png Graphic file (ty
pe png)
<use development_notebook_files/development_notebook_10_1.png>
Package pdftex.def Info: development_notebook_files/development_notebook_10_1.p
ng  used on input line 97.
(pdftex.def)             Requested size: 452.9679pt x 375.25252pt.

Underfull \hbox (badness 10000) in paragraph at lines 98--98
[]\T1/lmr/m/n/10.95 (+20) Figure 6: []Noisy sino-grams for an-gu-lar range $\OT
1/lmr/m/n/10.95 (+20) 120[]$ \T1/lmr/m/n/10.95 (+20) (gen-er-ated in
 []

<development_notebook_files/development_notebook_10_2.png, id=109, 859.2903pt x
 711.8595pt>
File: development_notebook_files/development_notebook_10_2.png Graphic file (ty
pe png)
<use development_notebook_files/development_notebook_10_2.png>
Package pdftex.def Info: development_notebook_files/development_notebook_10_2.p
ng  used on input line 103.
(pdftex.def)             Requested size: 452.9679pt x 375.25252pt.
<development_notebook_files/development_notebook_12_0.png, id=110, 860.013pt x 
711.8595pt>
File: development_notebook_files/development_notebook_12_0.png Graphic file (ty
pe png)
<use development_notebook_files/development_notebook_12_0.png>
Package pdftex.def Info: development_notebook_files/development_notebook_12_0.p
ng  used on input line 112.
(pdftex.def)             Requested size: 452.9679pt x 374.93753pt.

Underfull \hbox (badness 10000) in paragraph at lines 113--113
[]\T1/lmr/m/n/10.95 (+20) Figure 8: []FBP re-con-struc-tions at $\OT1/lmr/m/n/1
0.95 (+20) 180[]$ \T1/lmr/m/n/10.95 (+20) an-gu-lar range (gen-er-ated in
 []

<development_notebook_files/development_notebook_12_1.png, id=111, 860.013pt x 
711.8595pt>
File: development_notebook_files/development_notebook_12_1.png Graphic file (ty
pe png)
<use development_notebook_files/development_notebook_12_1.png>
Package pdftex.def Info: development_notebook_files/development_notebook_12_1.p
ng  used on input line 117.
(pdftex.def)             Requested size: 452.9679pt x 374.93753pt.

Underfull \hbox (badness 10000) in paragraph at lines 118--118
[]\T1/lmr/m/n/10.95 (+20) Figure 9: []GD/SIRT re-con-struc-tions at $\OT1/lmr/m
/n/10.95 (+20) 180[]$ \T1/lmr/m/n/10.95 (+20) an-gu-lar range (gen-er-ated in
 []

<development_notebook_files/development_notebook_12_2.png, id=112, 859.2903pt x
 711.8595pt>
File: development_notebook_files/development_notebook_12_2.png Graphic file (ty
pe png)
<use development_notebook_files/development_notebook_12_2.png>
Package pdftex.def Info: development_notebook_files/development_notebook_12_2.p
ng  used on input line 122.
(pdftex.def)             Requested size: 452.9679pt x 375.25252pt.

Underfull \hbox (badness 10000) in paragraph at lines 123--123
[]\T1/lmr/m/n/10.95 (+20) Figure 10: []FBP re-con-struc-tions at $\OT1/lmr/m/n/
10.95 (+20) 120[]$ \T1/lmr/m/n/10.95 (+20) an-gu-lar range (gen-er-ated in
 []

<development_notebook_files/development_notebook_12_3.png, id=113, 860.013pt x 
711.8595pt>
File: development_notebook_files/development_notebook_12_3.png Graphic file (ty
pe png)
<use development_notebook_files/development_notebook_12_3.png>
Package pdftex.def Info: development_notebook_files/development_notebook_12_3.p
ng  used on input line 127.
(pdftex.def)             Requested size: 452.9679pt x 374.93753pt.

Underfull \hbox (badness 10000) in paragraph at lines 128--128
[]\T1/lmr/m/n/10.95 (+20) Figure 11: []GD/SIRT re-con-struc-tions at $\OT1/lmr/
m/n/10.95 (+20) 120[]$ \T1/lmr/m/n/10.95 (+20) an-gu-lar range (gen-er-ated in
 []

<development_notebook_files/development_notebook_12_4.png, id=114, 860.013pt x 
711.8595pt>
File: development_notebook_files/development_notebook_12_4.png Graphic file (ty
pe png)
<use development_notebook_files/development_notebook_12_4.png>
Package pdftex.def Info: development_notebook_files/development_notebook_12_4.p
ng  used on input line 132.
(pdftex.def)             Requested size: 452.9679pt x 374.93753pt.

Underfull \hbox (badness 10000) in paragraph at lines 133--133
[]\T1/lmr/m/n/10.95 (+20) Figure 12: []FBP re-con-struc-tions at $\OT1/lmr/m/n/
10.95 (+20) 40[]$ \T1/lmr/m/n/10.95 (+20) an-gu-lar range (gen-er-ated in
 []

<development_notebook_files/development_notebook_12_5.png, id=115, 860.013pt x 
711.8595pt>
File: development_notebook_files/development_notebook_12_5.png Graphic file (ty
pe png)
<use development_notebook_files/development_notebook_12_5.png>
Package pdftex.def Info: development_notebook_files/development_notebook_12_5.p
ng  used on input line 137.
(pdftex.def)             Requested size: 452.9679pt x 374.93753pt.

Underfull \hbox (badness 10000) in paragraph at lines 138--138
[]\T1/lmr/m/n/10.95 (+20) Figure 13: []GD/SIRT re-con-struc-tions at $\OT1/lmr/
m/n/10.95 (+20) 40[]$ \T1/lmr/m/n/10.95 (+20) an-gu-lar range (gen-er-ated in
 []

<development_notebook_files/development_notebook_14_0.png, id=116, 859.2903pt x
 242.1045pt>
File: development_notebook_files/development_notebook_14_0.png Graphic file (ty
pe png)
<use development_notebook_files/development_notebook_14_0.png>
Package pdftex.def Info: development_notebook_files/development_notebook_14_0.p
ng  used on input line 151.
(pdftex.def)             Requested size: 452.9679pt x 127.62395pt.
<development_notebook_files/development_notebook_16_0.png, id=117, 714.7503pt x
 303.534pt>
File: development_notebook_files/development_notebook_16_0.png Graphic file (ty
pe png)
<use development_notebook_files/development_notebook_16_0.png>
Package pdftex.def Info: development_notebook_files/development_notebook_16_0.p
ng  used on input line 160.
(pdftex.def)             Requested size: 452.9679pt x 192.36678pt.
<development_notebook_files/development_notebook_18_1.png, id=118, 845.559pt x 
573.1011pt>
File: development_notebook_files/development_notebook_18_1.png Graphic file (ty
pe png)
<use development_notebook_files/development_notebook_18_1.png>
Package pdftex.def Info: development_notebook_files/development_notebook_18_1.p
ng  used on input line 175.
(pdftex.def)             Requested size: 452.9679pt x 307.0127pt.
<development_notebook_files/development_notebook_21_0.png, id=119, 714.7503pt x
 366.4089pt>
File: development_notebook_files/development_notebook_21_0.png Graphic file (ty
pe png)
<use development_notebook_files/development_notebook_21_0.png>
Package pdftex.def Info: development_notebook_files/development_notebook_21_0.p
ng  used on input line 184.
(pdftex.def)             Requested size: 452.9679pt x 232.2142pt.
<development_notebook_files/development_notebook_23_0.png, id=120, 845.559pt x 
573.1011pt>
File: development_notebook_files/development_notebook_23_0.png Graphic file (ty
pe png)
<use development_notebook_files/development_notebook_23_0.png>
Package pdftex.def Info: development_notebook_files/development_notebook_23_0.p
ng  used on input line 190.
(pdftex.def)             Requested size: 452.9679pt x 307.0127pt.

Underfull \hbox (badness 7722) in paragraph at lines 191--191
[]\T1/lmr/m/n/10.95 (+20) Figure 18: []Magnitude im-ages in im-age space across
 all coils (gen-er-ated in
 []

<development_notebook_files/development_notebook_25_0.png, id=121, 426.393pt x 
426.393pt>
File: development_notebook_files/development_notebook_25_0.png Graphic file (ty
pe png)
<use development_notebook_files/development_notebook_25_0.png>
Package pdftex.def Info: development_notebook_files/development_notebook_25_0.p
ng  used on input line 199.
(pdftex.def)             Requested size: 339.72592pt x 339.73553pt.
<development_notebook_files/development_notebook_27_0.png, id=122, 833.2731pt x
 569.4876pt>
File: development_notebook_files/development_notebook_27_0.png Graphic file (ty
pe png)
<use development_notebook_files/development_notebook_27_0.png>
Package pdftex.def Info: development_notebook_files/development_notebook_27_0.p
ng  used on input line 209.
(pdftex.def)             Requested size: 452.9679pt x 309.57817pt.
[3{/usr/local/texlive/2026basic/texmf-dist/fonts/enc/dvips/lm/lm-mathex.enc}]
<development_notebook_files/development_notebook_27_1.png, id=136, 833.2731pt x
 569.4876pt>
File: development_notebook_files/development_notebook_27_1.png Graphic file (ty
pe png)
<use development_notebook_files/development_notebook_27_1.png>
Package pdftex.def Info: development_notebook_files/development_notebook_27_1.p
ng  used on input line 214.
(pdftex.def)             Requested size: 452.9679pt x 309.57817pt.
<development_notebook_files/development_notebook_27_2.png, id=137, 833.2731pt x
 569.4876pt>
File: development_notebook_files/development_notebook_27_2.png Graphic file (ty
pe png)
<use development_notebook_files/development_notebook_27_2.png>
Package pdftex.def Info: development_notebook_files/development_notebook_27_2.p
ng  used on input line 219.
(pdftex.def)             Requested size: 452.9679pt x 309.57817pt.
<development_notebook_files/development_notebook_30_0.png, id=138, 714.7503pt x
 366.4089pt>
File: development_notebook_files/development_notebook_30_0.png Graphic file (ty
pe png)
<use development_notebook_files/development_notebook_30_0.png>
Package pdftex.def Info: development_notebook_files/development_notebook_30_0.p
ng  used on input line 235.
(pdftex.def)             Requested size: 452.9679pt x 232.2142pt.
<development_notebook_files/development_notebook_31_0.png, id=139, 426.393pt x 
426.393pt>
File: development_notebook_files/development_notebook_31_0.png Graphic file (ty
pe png)
<use development_notebook_files/development_notebook_31_0.png>
Package pdftex.def Info: development_notebook_files/development_notebook_31_0.p
ng  used on input line 244.
(pdftex.def)             Requested size: 339.72592pt x 339.73553pt.

Underfull \hbox (badness 1968) in paragraph at lines 245--245
[]\T1/lmr/m/n/10.95 (+20) Figure 24: []Gaussian de-nois-ing ap-plied to the RSS
 com-bined im-age (gen-er-ated in
 []


LaTeX Warning: Empty `thebibliography' environment on input line 266.

[4] [5 <report/development_notebook_files/development_notebook_3_1.png>]
[6 <report/development_notebook_files/development_notebook_5_1.png>] [7 <report
/development_notebook_files/development_notebook_7_0.png>] [8 <report/developme
nt_notebook_files/development_notebook_8_0.png>] [9 <report/development_noteboo
k_files/development_notebook_10_0.png>] [10 <report/development_notebook_files/
development_notebook_10_1.png>] [11 <report/development_notebook_files/developm
ent_notebook_10_2.png>] [12 <report/development_notebook_files/development_note
book_12_0.png>] [13 <report/development_notebook_files/development_notebook_12_
1.png>] [14 <report/development_notebook_files/development_notebook_12_2.png>]
[15 <report/development_notebook_files/development_notebook_12_3.png>] [16 <rep
ort/development_notebook_files/development_notebook_12_4.png>] [17 <report/deve
lopment_notebook_files/development_notebook_12_5.png> <report/development_noteb
ook_files/development_notebook_14_0.png>] [18 <report/development_notebook_file
s/development_notebook_16_0.png> <report/development_notebook_files/development
_notebook_18_1.png>] [19 <report/development_notebook_files/development_noteboo
k_21_0.png> <report/development_notebook_files/development_notebook_23_0.png>]
[20 <report/development_notebook_files/development_notebook_25_0.png>] [21 <rep
ort/development_notebook_files/development_notebook_27_0.png> <report/developme
nt_notebook_files/development_notebook_27_1.png>] [22 <report/development_noteb
ook_files/development_notebook_27_2.png> <report/development_notebook_files/dev
elopment_notebook_30_0.png>] [23 <report/development_notebook_files/development
_notebook_31_0.png>] (report/report.aux)
 ***********
LaTeX2e <2025-11-01>
L3 programming layer <2026-01-19>
 ***********
Package rerunfilecheck Info: File `report.out' has not changed.
(rerunfilecheck)             Checksum: E498F6DD5AD86EC9F027B8D6CFA06F84;3238.
 ) 
Here is how much of TeX's memory you used:
 14282 strings out of 469006
 232076 string characters out of 5454813
 676002 words of memory out of 5000000
 42591 multiletter control sequences out of 15000+600000
 676834 words of font info for 122 fonts, out of 8000000 for 9000
 319 hyphenation exceptions out of 8191
 75i,6n,90p,1010b,488s stack positions out of 10000i,1000n,20000p,200000b,200000s
</usr/local/texlive/2026basic/texmf-dist/fonts/type1/public/lm/lmbx10.pfb></u
sr/local/texlive/2026basic/texmf-dist/fonts/type1/public/lm/lmbx12.pfb></usr/lo
cal/texlive/2026basic/texmf-dist/fonts/type1/public/lm/lmex10.pfb></usr/local/t
exlive/2026basic/texmf-dist/fonts/type1/public/lm/lmmi10.pfb></usr/local/texliv
e/2026basic/texmf-dist/fonts/type1/public/lm/lmmi8.pfb></usr/local/texlive/2026
basic/texmf-dist/fonts/type1/public/lm/lmr10.pfb></usr/local/texlive/2026basic/
texmf-dist/fonts/type1/public/lm/lmr12.pfb></usr/local/texlive/2026basic/texmf-
dist/fonts/type1/public/lm/lmr17.pfb></usr/local/texlive/2026basic/texmf-dist/f
onts/type1/public/lm/lmr8.pfb></usr/local/texlive/2026basic/texmf-dist/fonts/ty
pe1/public/lm/lmsy10.pfb></usr/local/texlive/2026basic/texmf-dist/fonts/type1/p
ublic/lm/lmsy8.pfb></usr/local/texlive/2026basic/texmf-dist/fonts/type1/public/
lm/lmtt10.pfb>
Output written on report/report.pdf (23 pages, 12830399 bytes).
PDF statistics:
 359 PDF objects out of 1000 (max. 8388607)
 257 compressed objects within 3 object streams
 81 named destinations out of 1000 (max. 500000)
 29417 words of extra memory for PDF output out of 29859 (max. 10000000)

